// Jest Snapshot v1, https://goo.gl/fbAQLP

exports[`App renders without crashing given the required props 1`] = `
<div
  className="App"
>
  <BrowserRouter>
    <Switch>
      <Connect(PublicPages)
        component={
          Object {
            "$$typeof": Symbol(react.memo),
            "WrappedComponent": [Function],
            "compare": null,
            "displayName": "Connect(Login)",
            "type": [Function],
          }
        }
        path="/login"
      />
      <Connect(PrivatePages)
        component={[Function]}
        exact={true}
        isMenuOpen={false}
        menu={
          Array [
            Object {
              "component": [Function],
              "id": "home",
              "isMenu": true,
              "name": "Home",
              "path": "/home",
            },
          ]
        }
        menuHandler={[Function]}
        path="/"
      />
      <Connect(PrivatePages)
        component={[Function]}
        exact={true}
        isMenuOpen={false}
        key="private-pages-home"
        menu={
          Array [
            Object {
              "component": [Function],
              "id": "home",
              "isMenu": true,
              "name": "Home",
              "path": "/home",
            },
          ]
        }
        menuHandler={[Function]}
        path="/home"
      />
      <Connect(PrivatePages)
        component={[Function]}
        exact={true}
        menu={
          Array [
            Object {
              "component": [Function],
              "id": "home",
              "isMenu": true,
              "name": "Home",
              "path": "/home",
            },
          ]
        }
        path="*"
      />
    </Switch>
  </BrowserRouter>
</div>
`;
